// Jest Snapshot v1, https://goo.gl/fbAQLP

exports[`Pruebas en ProducTitle Debe de mostrar el componente con el nombre del producto 1`] = `
<div
  className="productCard undefined"
>
  <span
    className="productDescription undefined"
  >
    Coffee Mug - Sin imagen
  </span>
</div>
`;

exports[`Pruebas en ProducTitle Debe mostrar correctamente el componente con el titulo personalizado 1`] = `
<span
  className="productDescription custom-class"
>
  Custom counter
</span>
`;
